// Jest Snapshot v1, https://goo.gl/fbAQLP

exports[`HelpDialog should render correctly 1`] = `
<WithStyles(Dialog)>
  <WithStyles(DialogContent)>
    <WithStyles(DialogContentText)>
      Â 
    </WithStyles(DialogContentText)>
  </WithStyles(DialogContent)>
  <WithStyles(DialogActions)>
    <WithStyles(Button)
      color="primary"
    >
      Cancel
    </WithStyles(Button)>
    <WithStyles(Button)
      color="primary"
    >
      OK
    </WithStyles(Button)>
  </WithStyles(DialogActions)>
</WithStyles(Dialog)>
`;
