// Jest Snapshot v1, https://goo.gl/fbAQLP

exports[`Logo should render 1`] = `
<WithStyles(Typography)
  color="inherit"
  variant="h6"
>
  Logo
</WithStyles(Typography)>
`;
